<html>
<body>
<pre>
<h1>µVision Build Log</h1>
<h2>Tool Versions:</h2>
IDE-Version: ¦ÌVision V5.39.0.0
Copyright (C) 2023 ARM Ltd and ARM Germany GmbH. All rights reserved.
License Information: jj 2959501324@qq.com, j, LIC=YA39H-WDC8W-BSAYX-H90CE-V4YU5-7PSTS
 
Tool Versions:
Toolchain:       MDK-ARM Plus  Version: 5.39.0.0
Toolchain Path:  C:\Keil_v5\ARM\ARMCC\Bin
C Compiler:      Armcc.exe V5.06 update 5 (build 528)
Assembler:       Armasm.exe V5.06 update 5 (build 528)
Linker/Locator:  ArmLink.exe V5.06 update 5 (build 528)
Library Manager: ArmAr.exe V5.06 update 5 (build 528)
Hex Converter:   FromElf.exe V5.06 update 5 (build 528)
CPU DLL:         SARMCM3.DLL V5.39.0.0
Dialog DLL:      DCM.DLL V1.17.5.0
Target DLL:      CMSIS_AGDI.dll V1.33.16.0
Dialog DLL:      TCM.DLL V1.56.4.0
 
<h2>Project:</h2>
D:\DeskTop\TI\Two_Wheeled_Robot\MDK-ARM\Two_Wheeled_Robot.uvprojx
Project File Date:  04/05/2025

<h2>Output:</h2>
*** Using Compiler 'V5.06 update 5 (build 528)', folder: 'C:\Keil_v5\ARM\ARMCC\Bin'
Build target 'Two_Wheeled_Robot'
compiling PID.c...
./ExHardware/MPU6050/inv_mpu.h(140): warning:  #1-D: last line of file ends without a newline
   
Middlewares\PID.c(99): warning:  #223-D: function "Limit" declared implicitly
  	Limit(&MOTO1, &MOTO2);
Middlewares\PID.c(100): warning:  #223-D: function "Load" declared implicitly
  	Load(MOTO1,MOTO2);
Middlewares\PID.c: 3 warnings, 0 errors
linking...
Program Size: Code=30318 RO-data=6378 RW-data=224 ZI-data=2056  
FromELF: creating hex file...
"Two_Wheeled_Robot\Two_Wheeled_Robot.axf" - 0 Error(s), 3 Warning(s).

<h2>Software Packages used:</h2>

Package Vendor: ARM
                http://www.keil.com/pack/ARM.CMSIS.5.0.1.pack
                ARM::CMSIS@5.0.1
                CMSIS (Cortex Microcontroller Software Interface Standard)
   * Component: CORE Version: 5.0.1

Package Vendor: Keil
                http://www.keil.com/pack/Keil.STM32F1xx_DFP.2.2.0.pack
                Keil::STM32F1xx_DFP@2.2.0
                STMicroelectronics STM32F1 Series Device Support, Drivers and Examples

<h2>Collection of Component include folders:</h2>
  ./RTE/_Two_Wheeled_Robot
  C:/Keil_v5/ARM/PACK/ARM/CMSIS/5.0.1/CMSIS/Include
  C:/Keil_v5/ARM/PACK/Keil/STM32F1xx_DFP/2.2.0/Device/Include

<h2>Collection of Component Files used:</h2>

   * Component: ARM::CMSIS:CORE@5.0.1
Build Time Elapsed:  00:00:01
</pre>
</body>
</html>
